#
# There is insufficient memory for the Java Runtime Environment to continue.
# Native memory allocation (mmap) failed to map 264241152 bytes. Error detail: G1 virtual space
# Possible reasons:
#   The system is out of physical RAM or swap space
#   This process is running with CompressedOops enabled, and the Java Heap may be blocking the growth of the native heap
# Possible solutions:
#   Reduce memory load on the system
#   Increase physical memory or swap space
#   Check if swap backing store is full
#   Decrease Java heap size (-Xmx/-Xms)
#   Decrease number of Java threads
#   Decrease Java thread stack sizes (-Xss)
#   Set larger code cache with -XX:ReservedCodeCacheSize=
#   JVM is running with Zero Based Compressed Oops mode in which the Java heap is
#     placed in the first 32GB address space. The Java Heap base address is the
#     maximum limit for the native heap growth. Please use -XX:HeapBaseMinAddress
#     to set the Java Heap base and to place the Java Heap above 32GB virtual address.
# This output file may be truncated or incomplete.
#
#  Out of Memory Error (os_windows.cpp:3564), pid=15116, tid=7876
#
# JRE version:  (24.0+36) (build )
# Java VM: Java HotSpot(TM) 64-Bit Server VM (24+36-3646, mixed mode, sharing, tiered, compressed oops, compressed class ptrs, g1 gc, windows-amd64)
# No core dump will be written. Minidumps are not enabled by default on client versions of Windows
#

---------------  S U M M A R Y ------------

Command Line: -Dfile.encoding=UTF-8 --module-path=D:\VISHAL\Java Project\Bank Management System\build\classes bank.management.system.SignupOne

Host: 12th Gen Intel(R) Core(TM) i5-12500H, 16 cores, 15G,  Windows 11 , 64 bit Build 26100 (10.0.26100.7705)
Time: Fri Feb 13 01:19:04 2026 India Standard Time elapsed time: 0.010139 seconds (0d 0h 0m 0s)

---------------  T H R E A D  ---------------

Current thread (0x00000238af182910):  JavaThread "Unknown thread" [_thread_in_vm, id=7876, stack(0x0000008fdc300000,0x0000008fdc400000) (1024K)]

Stack: [0x0000008fdc300000,0x0000008fdc400000]
Native frames: (J=compiled Java code, j=interpreted, Vv=VM code, C=native code)
V  [jvm.dll+0x7308c9]  (no source info available)
V  [jvm.dll+0x8d9ca3]  (no source info available)
V  [jvm.dll+0x8dc13d]  (no source info available)
V  [jvm.dll+0x8dc7b3]  (no source info available)
V  [jvm.dll+0x2aa046]  (no source info available)
V  [jvm.dll+0x72cdf5]  (no source info available)
V  [jvm.dll+0x72091a]  (no source info available)
V  [jvm.dll+0x390d8a]  (no source info available)
V  [jvm.dll+0x398a96]  (no source info available)
V  [jvm.dll+0x3852de]  (no source info available)
V  [jvm.dll+0x385598]  (no source info available)
V  [jvm.dll+0x35d16c]  (no source info available)
V  [jvm.dll+0x35de2d]  (no source info available)
V  [jvm.dll+0x89d41f]  (no source info available)
V  [jvm.dll+0x3f98fd]  (no source info available)
V  [jvm.dll+0x885a76]  (no source info available)
V  [jvm.dll+0x49604e]  (no source info available)
V  [jvm.dll+0x497e21]  (no source info available)
C  [jli.dll+0x52a1]  (no source info available)
C  [ucrtbase.dll+0x37b0]  (no source info available)
C  [KERNEL32.DLL+0x2e8d7]  (no source info available)
C  [ntdll.dll+0x8c40c]  (no source info available)

Lock stack of current Java thread (top to bottom):


---------------  P R O C E S S  ---------------

Threads class SMR info:
_java_thread_list=0x00007ffdd115f318, length=0, elements={
}

Java Threads: ( => current thread )
Total: 0

Other Threads:
  0x00000238b1612b60 WorkerThread "GC Thread#0"                     [id=20392, stack(0x0000008fdc400000,0x0000008fdc500000) (1024K)]
  0x00000238b1627430 ConcurrentGCThread "G1 Main Marker"            [id=27860, stack(0x0000008fdc500000,0x0000008fdc600000) (1024K)]
  0x00000238b1627e40 WorkerThread "G1 Conc#0"                       [id=28212, stack(0x0000008fdc600000,0x0000008fdc700000) (1024K)]

[error occurred during error reporting (printing all threads), id 0xc0000005, EXCEPTION_ACCESS_VIOLATION (0xc0000005) at pc=0x00007ffdd089158a]
VM state: not at safepoint (not fully initialized)

VM Mutex/Monitor currently owned by a thread:  ([mutex/lock_event])
[0x00007ffdd11e45c0] Heap_lock - owner thread: 0x00000238af182910

Heap address: 0x0000000705200000, size: 4014 MB, Compressed Oops mode: Zero based, Oop shift amount: 3

CDS archive(s) mapped at: [0x0000000000000000-0x0000000000000000-0x0000000000000000), size 0, SharedBaseAddress: 0x0000000800000000, ArchiveRelocationMode: 1.
UseCompressedClassPointers 1, UseCompactObjectHeaders 0
Narrow klass pointer bits 32, Max shift 3
Narrow klass base: 0xffffffffffffffff, Narrow klass shift: -1
Encoding Range: [0xffffffffffffffff - 0x000000007fffffff), (2147483648 bytes)
Klass Range:    [0x0000000000000000 - 0x0000000000000000), (0 bytes)
Klass ID Range:  [4294967295 - 0) (1)

GC Precious Log:
 CardTable entry size: 512
 Card Set container configuration: InlinePtr #cards 4 size 8 Array Of Cards #cards 16 size 48 Howl #buckets 8 coarsen threshold 3686 Howl Bitmap #cards 512 size 80 coarsen threshold 460 Card regions per heap region 1 cards per card region 4096

Heap:
 garbage-first heap   total reserved 4110336K, committed 0K, used 0K [0x0000000705200000, 0x0000000800000000)
  region size 2048K, 0 young (0K), 0 survivors (0K)

[error occurred during error reporting (printing heap information), id 0xc0000005, EXCEPTION_ACCESS_VIOLATION (0xc0000005) at pc=0x00007ffdd0cae579]
GC Heap History (0 events):
No events

Dll operation events (1 events):
Event: 0.007 Loaded shared library C:\Program Files\Java\jdk-24\bin\java.dll

Deoptimization events (0 events):
No events

Classes loaded (0 events):
No events

Classes unloaded (0 events):
No events

Classes redefined (0 events):
No events

Internal exceptions (0 events):
No events

VM Operations (0 events):
No events

Memory protections (0 events):
No events

Nmethod flushes (0 events):
No events

Events (0 events):
No events


Dynamic libraries:
0x00007ff6115f0000 - 0x00007ff611600000 	C:\Program Files\Java\jdk-24\bin\java.exe
0x00007ffea1fa0000 - 0x00007ffea2208000 	C:\WINDOWS\SYSTEM32\ntdll.dll
0x00007ffea1280000 - 0x00007ffea1349000 	C:\WINDOWS\System32\KERNEL32.DLL
0x00007ffe9e9d0000 - 0x00007ffe9edc1000 	C:\WINDOWS\System32\KERNELBASE.dll
0x00007ffe9e880000 - 0x00007ffe9e9cb000 	C:\WINDOWS\System32\ucrtbase.dll
0x00007ffe8a790000 - 0x00007ffe8a7ab000 	C:\Program Files\Java\jdk-24\bin\VCRUNTIME140.dll
0x00007ffe8b0c0000 - 0x00007ffe8b0d6000 	C:\Program Files\Java\jdk-24\bin\jli.dll
0x00007ffea0400000 - 0x00007ffea05c6000 	C:\WINDOWS\System32\USER32.dll
0x00007ffe9edd0000 - 0x00007ffe9edf7000 	C:\WINDOWS\System32\win32u.dll
0x00007ffea1e70000 - 0x00007ffea1e9b000 	C:\WINDOWS\System32\GDI32.dll
0x00007ffe84740000 - 0x00007ffe849d3000 	C:\WINDOWS\WinSxS\amd64_microsoft.windows.common-controls_6595b64144ccf1df_6.0.26100.7824_none_3e0870b2e3345462\COMCTL32.dll
0x00007ffe9f2e0000 - 0x00007ffe9f40b000 	C:\WINDOWS\System32\gdi32full.dll
0x00007ffe9f230000 - 0x00007ffe9f2d3000 	C:\WINDOWS\System32\msvcp_win.dll
0x00007ffea0ed0000 - 0x00007ffea0f79000 	C:\WINDOWS\System32\msvcrt.dll
0x00007ffea1350000 - 0x00007ffea1381000 	C:\WINDOWS\System32\IMM32.DLL
0x00007ffe8a560000 - 0x00007ffe8a56c000 	C:\Program Files\Java\jdk-24\bin\vcruntime140_1.dll
0x00007ffe64d30000 - 0x00007ffe64dbe000 	C:\Program Files\Java\jdk-24\bin\msvcp140.dll
0x00007ffdd0520000 - 0x00007ffdd12c2000 	C:\Program Files\Java\jdk-24\bin\server\jvm.dll
0x00007ffe9fd40000 - 0x00007ffe9fdf4000 	C:\WINDOWS\System32\ADVAPI32.dll
0x00007ffea0dc0000 - 0x00007ffea0e66000 	C:\WINDOWS\System32\sechost.dll
0x00007ffea1160000 - 0x00007ffea1278000 	C:\WINDOWS\System32\RPCRT4.dll
0x00007ffea1430000 - 0x00007ffea14a4000 	C:\WINDOWS\System32\WS2_32.dll
0x00007ffe93610000 - 0x00007ffe93645000 	C:\WINDOWS\SYSTEM32\WINMM.dll
0x00007ffe90b60000 - 0x00007ffe90b6b000 	C:\WINDOWS\SYSTEM32\VERSION.dll
0x00007ffe9e6e0000 - 0x00007ffe9e73e000 	C:\WINDOWS\SYSTEM32\POWRPROF.dll
0x00007ffe9e6c0000 - 0x00007ffe9e6d4000 	C:\WINDOWS\SYSTEM32\UMPDC.dll
0x00007ffe9d620000 - 0x00007ffe9d63b000 	C:\WINDOWS\SYSTEM32\kernel.appcore.dll
0x00007ffe8a550000 - 0x00007ffe8a55a000 	C:\Program Files\Java\jdk-24\bin\jimage.dll
0x00007ffe9c6a0000 - 0x00007ffe9c8e2000 	C:\WINDOWS\SYSTEM32\DBGHELP.DLL
0x00007ffea14b0000 - 0x00007ffea1836000 	C:\WINDOWS\System32\combase.dll
0x00007ffea1080000 - 0x00007ffea1157000 	C:\WINDOWS\System32\OLEAUT32.dll
0x00007ffe7fb30000 - 0x00007ffe7fb6b000 	C:\WINDOWS\SYSTEM32\dbgcore.DLL
0x00007ffe9ef80000 - 0x00007ffe9f025000 	C:\WINDOWS\System32\bcryptPrimitives.dll
0x00007ffe8a4d0000 - 0x00007ffe8a4ee000 	C:\Program Files\Java\jdk-24\bin\java.dll
0x00007ffea1a20000 - 0x00007ffea1bb7000 	C:\WINDOWS\System32\ole32.dll
0x00007ffea05d0000 - 0x00007ffea0d22000 	C:\WINDOWS\System32\SHELL32.dll
0x00007ffe9f030000 - 0x00007ffe9f19a000 	C:\WINDOWS\System32\wintypes.dll

dbghelp: loaded successfully - version: 4.0.5 - missing functions: none
symbol engine: initialized successfully - sym options: 0x614 - pdb path: .;C:\Program Files\Java\jdk-24\bin;C:\WINDOWS\SYSTEM32;C:\WINDOWS\WinSxS\amd64_microsoft.windows.common-controls_6595b64144ccf1df_6.0.26100.7824_none_3e0870b2e3345462;C:\Program Files\Java\jdk-24\bin\server

VM Arguments:
jvm_args: -Dfile.encoding=UTF-8 --module-path=D:\VISHAL\Java Project\Bank Management System\build\classes 
java_command: bank.management.system.SignupOne
java_class_path (initial): D:\VISHAL\Java Project\Bank Management System\build\classes
Launcher Type: SUN_STANDARD

[Global flags]
     intx CICompilerCount                          = 12                                        {product} {ergonomic}
     uint ConcGCThreads                            = 3                                         {product} {ergonomic}
     uint G1ConcRefinementThreads                  = 13                                        {product} {ergonomic}
   size_t G1HeapRegionSize                         = 2097152                                   {product} {ergonomic}
   size_t InitialHeapSize                          = 264241152                                 {product} {ergonomic}
   size_t MarkStackSize                            = 4194304                                   {product} {ergonomic}
   size_t MarkStackSizeMax                         = 536870912                                 {product} {ergonomic}
   size_t MaxHeapSize                              = 4208984064                                {product} {ergonomic}
   size_t MinHeapDeltaBytes                        = 2097152                                   {product} {ergonomic}
   size_t MinHeapSize                              = 8388608                                   {product} {ergonomic}
    uintx NonNMethodCodeHeapSize                   = 7602176                                {pd product} {ergonomic}
    uintx NonProfiledCodeHeapSize                  = 122093568                              {pd product} {ergonomic}
    uintx ProfiledCodeHeapSize                     = 121962496                              {pd product} {ergonomic}
    uintx ReservedCodeCacheSize                    = 251658240                              {pd product} {ergonomic}
     bool SegmentedCodeCache                       = true                                      {product} {ergonomic}
   size_t SoftMaxHeapSize                          = 4208984064                             {manageable} {ergonomic}
     bool UseCompressedOops                        = true                           {product lp64_product} {ergonomic}
     bool UseG1GC                                  = true                                      {product} {ergonomic}
     bool UseLargePagesIndividualAllocation        = false                                  {pd product} {ergonomic}

Logging:
Log output configuration:
 #0: stdout all=warning uptime,level,tags foldmultilines=false
 #1: stderr all=off uptime,level,tags foldmultilines=false

Environment Variables:
JAVA_HOME=C:\Program Files\Eclipse Adoptium\jdk-17.0.16.8-hotspot
PATH=C:\Program Files\Eclipse Adoptium\jdk-17.0.16.8-hotspot\bin;C:\Program Files\Common Files\Oracle\Java\javapath;C:\Program Files (x86)\Common Files\Oracle\Java\java8path;C:\Program Files (x86)\Common Files\Oracle\Java\javapath;C:\Windows\system32;C:\Windows;C:\Windows\System32\Wbem;C:\Windows\System32\WindowsPowerShell\v1.0\;C:\Windows\System32\OpenSSH\;C:\Program Files (x86)\NVIDIA Corporation\PhysX\Common;C:\Program Files\NVIDIA Corporation\NVIDIA app\NvDLISR;C:\WINDOWS\system32;C:\WINDOWS;C:\WINDOWS\System32\Wbem;C:\WINDOWS\System32\WindowsPowerShell\v1.0\;C:\WINDOWS\System32\OpenSSH\;C:\Program Files\nodejs\;C:\Program Files\Git\cmd;C:\Users\visha\AppData\Local\Programs\Python\Python314\Scripts\;C:\Users\visha\AppData\Local\Programs\Python\Python314\;C:\Program Files\MySQL\MySQL Shell 8.0\bin\;C:\Users\visha\AppData\Local\Microsoft\WindowsApps;C:\MinGW\bin;C:\Program Files\Java\jdk-24\bin;C:\Users\visha\AppData\Roaming\npm;C:\Users\visha\Downloads\flutter\bin;C:\Users\visha\AppData\Local\Programs\Microsoft VS Code\bin
USERNAME=visha
OS=Windows_NT
PROCESSOR_IDENTIFIER=Intel64 Family 6 Model 154 Stepping 3, GenuineIntel
TMP=C:\Users\visha\AppData\Local\Temp
TEMP=C:\Users\visha\AppData\Local\Temp




Periodic native trim disabled

---------------  S Y S T E M  ---------------

OS:
 Windows 11 , 64 bit Build 26100 (10.0.26100.7705)
OS uptime: 1 days 7:32 hours
Hyper-V role detected

CPU: total 16 (initial active 16) (8 cores per cpu, 2 threads per core) family 6 model 154 stepping 3 microcode 0x435, cx8, cmov, fxsr, ht, mmx, 3dnowpref, sse, sse2, sse3, ssse3, sse4.1, sse4.2, popcnt, lzcnt, tsc, tscinvbit, avx, avx2, aes, erms, clmul, bmi1, bmi2, adx, sha, fma, vzeroupper, clflush, clflushopt, clwb, hv, serialize, rdtscp, rdpid, fsrm, gfni, f16c, cet_ibt, cet_ss
Processor Information for processor 0
  Max Mhz: 2500, Current Mhz: 2500, Mhz Limit: 2500
Processor Information for processor 1
  Max Mhz: 2500, Current Mhz: 2500, Mhz Limit: 2500
Processor Information for processor 2
  Max Mhz: 2500, Current Mhz: 2500, Mhz Limit: 2500
Processor Information for processor 3
  Max Mhz: 2500, Current Mhz: 2500, Mhz Limit: 2500
Processor Information for processor 4
  Max Mhz: 2500, Current Mhz: 2500, Mhz Limit: 2500
Processor Information for processor 5
  Max Mhz: 2500, Current Mhz: 2500, Mhz Limit: 2500
Processor Information for processor 6
  Max Mhz: 2500, Current Mhz: 2500, Mhz Limit: 2500
Processor Information for processor 7
  Max Mhz: 2500, Current Mhz: 2500, Mhz Limit: 2500
Processor Information for processor 8
  Max Mhz: 2500, Current Mhz: 1500, Mhz Limit: 1800
Processor Information for processor 9
  Max Mhz: 2500, Current Mhz: 1500, Mhz Limit: 1800
Processor Information for processor 10
  Max Mhz: 2500, Current Mhz: 1500, Mhz Limit: 1800
Processor Information for processor 11
  Max Mhz: 2500, Current Mhz: 1500, Mhz Limit: 1800
Processor Information for processor 12
  Max Mhz: 2500, Current Mhz: 1500, Mhz Limit: 1800
Processor Information for processor 13
  Max Mhz: 2500, Current Mhz: 1500, Mhz Limit: 1800
Processor Information for processor 14
  Max Mhz: 2500, Current Mhz: 1500, Mhz Limit: 1800
Processor Information for processor 15
  Max Mhz: 2500, Current Mhz: 1500, Mhz Limit: 1800

Memory: 4k page, system-wide physical 16053M (2072M free)
TotalPageFile size 35020M (AvailPageFile size 203M)
current process WorkingSet (physical memory assigned to process): 14M, peak: 14M
current process commit charge ("private bytes"): 71M, peak: 323M

vm_info: Java HotSpot(TM) 64-Bit Server VM (24+36-3646) for windows-amd64 JRE (24+36-3646), built on 2025-02-06T00:20:43Z with MS VC++ 17.6 (VS2022)

END.
